15:06:13 debug: 2025/1/8下午3:06:13
15:06:13 debug: Project: E:\cary\git\cocos-creator\3d\shader-lab-3-8-3
15:06:13 debug: Targets: editor,preview
15:06:13 debug: Packer deriver version file lost or format incorrect: Error: ENOENT: no such file or directory, open 'E:\cary\git\cocos-creator\3d\shader-lab-3-8-3\temp\programming\packer-driver\VERSION'
15:06:13 debug: Clearing out the targets...
15:06:13 debug: Engine path: D:\code_software\cocoscreator\editors\Creator\3.8.3\resources\resources\3d\engine
15:06:13 debug: Initializing target [Editor]
15:06:13 debug: Loading cache
15:06:13 debug: Record file loaded failed with error: Error: ENOENT: no such file or directory, open 'E:\cary\git\cocos-creator\3d\shader-lab-3-8-3\temp\programming\packer-driver\targets\editor\main-record.json'
15:06:13 debug: Loading cache costs 0.44200000166893005ms.
15:06:13 debug: Engine features shipped in editor: base,gfx-webgl,gfx-webgl2,gfx-empty,3d,animation,skeletal-animation,2d,ui,particle,particle-2d,physics-framework,physics-2d-framework,physics-2d-box2d-wasm,intersection-2d,primitive,profiler,occlusion-query,geometry-renderer,debug-renderer,audio,video,xr,light-probe,terrain,webview,tween,tiled-map,spine,dragon-bones,marionette,procedural-animation,custom-pipeline,websocket,websocket-server,meshopt
15:06:13 debug: Our import map(foo:/bar): {
  "imports": {
    "cc": "cce:/internal/x/cc"
  }
}
15:06:13 debug: Initializing target [Preview]
15:06:13 debug: Loading cache
15:06:13 debug: Record file loaded failed with error: Error: ENOENT: no such file or directory, open 'E:\cary\git\cocos-creator\3d\shader-lab-3-8-3\temp\programming\packer-driver\targets\preview\main-record.json'
15:06:13 debug: Loading cache costs 0.4689999967813492ms.
15:06:13 debug: Our import map(foo:/bar): {
  "imports": {
    "cc": "cce:/internal/x/cc"
  }
}
15:06:13 debug: Sync engine features: 2d,3d,animation,audio,base,dragon-bones,gfx-webgl,intersection-2d,light-probe,marionette,meshopt,particle,particle-2d,physics-2d-box2d,physics-ammo,primitive,profiler,skeletal-animation,spine,terrain,tiled-map,tween,ui,video,websocket,webview
15:06:13 debug: Reset databases. Enumerated domains: [
  {
    "root": "db://internal/",
    "physical": "D:\\code_software\\cocoscreator\\editors\\Creator\\3.8.3\\resources\\resources\\3d\\engine\\editor\\assets"
  },
  {
    "root": "db://assets/",
    "physical": "E:\\cary\\git\\cocos-creator\\3d\\shader-lab-3-8-3\\assets"
  }
]
15:06:13 debug: Our import map(foo:/bar): {
  "imports": {
    "cc": "cce:/internal/x/cc",
    "db://internal/": "file:///D:/code_software/cocoscreator/editors/Creator/3.8.3/resources/resources/3d/engine/editor/assets/",
    "db://assets/": "file:///E:/cary/git/cocos-creator/3d/shader-lab-3-8-3/assets/"
  }
}
15:06:13 debug: Our import map(foo:/bar): {
  "imports": {
    "cc": "cce:/internal/x/cc",
    "db://internal/": "file:///D:/code_software/cocoscreator/editors/Creator/3.8.3/resources/resources/3d/engine/editor/assets/",
    "db://assets/": "file:///E:/cary/git/cocos-creator/3d/shader-lab-3-8-3/assets/"
  }
}
15:06:13 debug: Pulling asset-db.
15:06:13 debug: Fetch asset-db cost: 3.023599997162819ms.
15:06:13 debug: Build iteration starts.
Number of accumulated asset changes: 1
Feature changed: false
15:06:13 debug: Target(editor) build started.
15:06:13 debug: Inspect cce:/internal/x/cc
15:06:13 debug: Resolve cce:/internal/x/cc-fu/base from cce:/internal/x/cc as external dependency cce:/internal/x/cc-fu/base.
15:06:13 debug: Resolve cce:/internal/x/cc-fu/gfx-webgl from cce:/internal/x/cc as external dependency cce:/internal/x/cc-fu/gfx-webgl.
15:06:13 debug: Resolve cce:/internal/x/cc-fu/gfx-webgl2 from cce:/internal/x/cc as external dependency cce:/internal/x/cc-fu/gfx-webgl2.
15:06:13 debug: Resolve cce:/internal/x/cc-fu/gfx-empty from cce:/internal/x/cc as external dependency cce:/internal/x/cc-fu/gfx-empty.
15:06:13 debug: Resolve cce:/internal/x/cc-fu/3d from cce:/internal/x/cc as external dependency cce:/internal/x/cc-fu/3d.
15:06:13 debug: Resolve cce:/internal/x/cc-fu/animation from cce:/internal/x/cc as external dependency cce:/internal/x/cc-fu/animation.
15:06:13 debug: Resolve cce:/internal/x/cc-fu/skeletal-animation from cce:/internal/x/cc as external dependency cce:/internal/x/cc-fu/skeletal-animation.
15:06:13 debug: Resolve cce:/internal/x/cc-fu/2d from cce:/internal/x/cc as external dependency cce:/internal/x/cc-fu/2d.
15:06:13 debug: Resolve cce:/internal/x/cc-fu/sorting from cce:/internal/x/cc as external dependency cce:/internal/x/cc-fu/sorting.
15:06:13 debug: Resolve cce:/internal/x/cc-fu/ui from cce:/internal/x/cc as external dependency cce:/internal/x/cc-fu/ui.
15:06:13 debug: Resolve cce:/internal/x/cc-fu/particle from cce:/internal/x/cc as external dependency cce:/internal/x/cc-fu/particle.
15:06:13 debug: Resolve cce:/internal/x/cc-fu/particle-2d from cce:/internal/x/cc as external dependency cce:/internal/x/cc-fu/particle-2d.
15:06:13 debug: Resolve cce:/internal/x/cc-fu/physics-framework from cce:/internal/x/cc as external dependency cce:/internal/x/cc-fu/physics-framework.
15:06:13 debug: Resolve cce:/internal/x/cc-fu/physics-2d-framework from cce:/internal/x/cc as external dependency cce:/internal/x/cc-fu/physics-2d-framework.
15:06:13 debug: Resolve cce:/internal/x/cc-fu/physics-2d-box2d-wasm from cce:/internal/x/cc as external dependency cce:/internal/x/cc-fu/physics-2d-box2d-wasm.
15:06:13 debug: Resolve cce:/internal/x/cc-fu/intersection-2d from cce:/internal/x/cc as external dependency cce:/internal/x/cc-fu/intersection-2d.
15:06:13 debug: Resolve cce:/internal/x/cc-fu/primitive from cce:/internal/x/cc as external dependency cce:/internal/x/cc-fu/primitive.
15:06:13 debug: Resolve cce:/internal/x/cc-fu/profiler from cce:/internal/x/cc as external dependency cce:/internal/x/cc-fu/profiler.
15:06:13 debug: Resolve cce:/internal/x/cc-fu/geometry-renderer from cce:/internal/x/cc as external dependency cce:/internal/x/cc-fu/geometry-renderer.
15:06:13 debug: Resolve cce:/internal/x/cc-fu/audio from cce:/internal/x/cc as external dependency cce:/internal/x/cc-fu/audio.
15:06:13 debug: Resolve cce:/internal/x/cc-fu/video from cce:/internal/x/cc as external dependency cce:/internal/x/cc-fu/video.
15:06:13 debug: Resolve cce:/internal/x/cc-fu/xr from cce:/internal/x/cc as external dependency cce:/internal/x/cc-fu/xr.
15:06:13 debug: Resolve cce:/internal/x/cc-fu/light-probe from cce:/internal/x/cc as external dependency cce:/internal/x/cc-fu/light-probe.
15:06:13 debug: Resolve cce:/internal/x/cc-fu/terrain from cce:/internal/x/cc as external dependency cce:/internal/x/cc-fu/terrain.
15:06:13 debug: Resolve cce:/internal/x/cc-fu/webview from cce:/internal/x/cc as external dependency cce:/internal/x/cc-fu/webview.
15:06:13 debug: Resolve cce:/internal/x/cc-fu/tween from cce:/internal/x/cc as external dependency cce:/internal/x/cc-fu/tween.
15:06:13 debug: Resolve cce:/internal/x/cc-fu/tiled-map from cce:/internal/x/cc as external dependency cce:/internal/x/cc-fu/tiled-map.
15:06:13 debug: Resolve cce:/internal/x/cc-fu/spine from cce:/internal/x/cc as external dependency cce:/internal/x/cc-fu/spine.
15:06:13 debug: Resolve cce:/internal/x/cc-fu/dragon-bones from cce:/internal/x/cc as external dependency cce:/internal/x/cc-fu/dragon-bones.
15:06:13 debug: Resolve cce:/internal/x/cc-fu/custom-pipeline from cce:/internal/x/cc as external dependency cce:/internal/x/cc-fu/custom-pipeline.
15:06:13 debug: Inspect cce:/internal/x/prerequisite-imports
15:06:13 debug: Resolve file:///D:/code_software/cocoscreator/editors/Creator/3.8.3/resources/resources/3d/engine/editor/assets/tools/debug-view-runtime-control.ts from cce:/internal/x/prerequisite-imports as file:///D:/code_software/cocoscreator/editors/Creator/3.8.3/resources/resources/3d/engine/editor/assets/tools/debug-view-runtime-control.ts.
15:06:13 debug: Inspect file:///D:/code_software/cocoscreator/editors/Creator/3.8.3/resources/resources/3d/engine/editor/assets/tools/debug-view-runtime-control.ts
15:06:13 debug: Resolve cc from file:///D:/code_software/cocoscreator/editors/Creator/3.8.3/resources/resources/3d/engine/editor/assets/tools/debug-view-runtime-control.ts as cce:/internal/x/cc.
15:06:13 debug: Resolve cc from file:///D:/code_software/cocoscreator/editors/Creator/3.8.3/resources/resources/3d/engine/editor/assets/tools/debug-view-runtime-control.ts as cce:/internal/x/cc.
15:06:13 debug: Resolve cc from file:///D:/code_software/cocoscreator/editors/Creator/3.8.3/resources/resources/3d/engine/editor/assets/tools/debug-view-runtime-control.ts as cce:/internal/x/cc.
15:06:13 debug: Target(editor) ends with cost 514.0368999987841ms.
15:06:13 debug: Target(preview) build started.
15:06:13 debug: Inspect cce:/internal/x/cc
15:06:14 debug: Resolve cce:/internal/x/cc-fu/2d from cce:/internal/x/cc as external dependency cce:/internal/x/cc-fu/2d.
15:06:14 debug: Resolve cce:/internal/x/cc-fu/sorting from cce:/internal/x/cc as external dependency cce:/internal/x/cc-fu/sorting.
15:06:14 debug: Resolve cce:/internal/x/cc-fu/3d from cce:/internal/x/cc as external dependency cce:/internal/x/cc-fu/3d.
15:06:14 debug: Resolve cce:/internal/x/cc-fu/animation from cce:/internal/x/cc as external dependency cce:/internal/x/cc-fu/animation.
15:06:14 debug: Resolve cce:/internal/x/cc-fu/audio from cce:/internal/x/cc as external dependency cce:/internal/x/cc-fu/audio.
15:06:14 debug: Resolve cce:/internal/x/cc-fu/base from cce:/internal/x/cc as external dependency cce:/internal/x/cc-fu/base.
15:06:14 debug: Resolve cce:/internal/x/cc-fu/dragon-bones from cce:/internal/x/cc as external dependency cce:/internal/x/cc-fu/dragon-bones.
15:06:14 debug: Resolve cce:/internal/x/cc-fu/gfx-webgl from cce:/internal/x/cc as external dependency cce:/internal/x/cc-fu/gfx-webgl.
15:06:14 debug: Resolve cce:/internal/x/cc-fu/intersection-2d from cce:/internal/x/cc as external dependency cce:/internal/x/cc-fu/intersection-2d.
15:06:14 debug: Resolve cce:/internal/x/cc-fu/light-probe from cce:/internal/x/cc as external dependency cce:/internal/x/cc-fu/light-probe.
15:06:14 debug: Resolve cce:/internal/x/cc-fu/particle from cce:/internal/x/cc as external dependency cce:/internal/x/cc-fu/particle.
15:06:14 debug: Resolve cce:/internal/x/cc-fu/particle-2d from cce:/internal/x/cc as external dependency cce:/internal/x/cc-fu/particle-2d.
15:06:14 debug: Resolve cce:/internal/x/cc-fu/physics-2d-box2d from cce:/internal/x/cc as external dependency cce:/internal/x/cc-fu/physics-2d-box2d.
15:06:14 debug: Resolve cce:/internal/x/cc-fu/physics-2d-framework from cce:/internal/x/cc as external dependency cce:/internal/x/cc-fu/physics-2d-framework.
15:06:14 debug: Resolve cce:/internal/x/cc-fu/physics-ammo from cce:/internal/x/cc as external dependency cce:/internal/x/cc-fu/physics-ammo.
15:06:14 debug: Resolve cce:/internal/x/cc-fu/physics-framework from cce:/internal/x/cc as external dependency cce:/internal/x/cc-fu/physics-framework.
15:06:14 debug: Resolve cce:/internal/x/cc-fu/wait-for-ammo-instantiation from cce:/internal/x/cc as external dependency cce:/internal/x/cc-fu/wait-for-ammo-instantiation.
15:06:14 debug: Resolve cce:/internal/x/cc-fu/primitive from cce:/internal/x/cc as external dependency cce:/internal/x/cc-fu/primitive.
15:06:14 debug: Resolve cce:/internal/x/cc-fu/profiler from cce:/internal/x/cc as external dependency cce:/internal/x/cc-fu/profiler.
15:06:14 debug: Resolve cce:/internal/x/cc-fu/skeletal-animation from cce:/internal/x/cc as external dependency cce:/internal/x/cc-fu/skeletal-animation.
15:06:14 debug: Resolve cce:/internal/x/cc-fu/spine from cce:/internal/x/cc as external dependency cce:/internal/x/cc-fu/spine.
15:06:14 debug: Resolve cce:/internal/x/cc-fu/terrain from cce:/internal/x/cc as external dependency cce:/internal/x/cc-fu/terrain.
15:06:14 debug: Resolve cce:/internal/x/cc-fu/tiled-map from cce:/internal/x/cc as external dependency cce:/internal/x/cc-fu/tiled-map.
15:06:14 debug: Resolve cce:/internal/x/cc-fu/tween from cce:/internal/x/cc as external dependency cce:/internal/x/cc-fu/tween.
15:06:14 debug: Resolve cce:/internal/x/cc-fu/ui from cce:/internal/x/cc as external dependency cce:/internal/x/cc-fu/ui.
15:06:14 debug: Resolve cce:/internal/x/cc-fu/video from cce:/internal/x/cc as external dependency cce:/internal/x/cc-fu/video.
15:06:14 debug: Resolve cce:/internal/x/cc-fu/webview from cce:/internal/x/cc as external dependency cce:/internal/x/cc-fu/webview.
15:06:14 debug: Inspect cce:/internal/x/prerequisite-imports
15:06:14 debug: Resolve file:///D:/code_software/cocoscreator/editors/Creator/3.8.3/resources/resources/3d/engine/editor/assets/tools/debug-view-runtime-control.ts from cce:/internal/x/prerequisite-imports as file:///D:/code_software/cocoscreator/editors/Creator/3.8.3/resources/resources/3d/engine/editor/assets/tools/debug-view-runtime-control.ts.
15:06:14 debug: Inspect file:///D:/code_software/cocoscreator/editors/Creator/3.8.3/resources/resources/3d/engine/editor/assets/tools/debug-view-runtime-control.ts
15:06:14 debug: Resolve cc from file:///D:/code_software/cocoscreator/editors/Creator/3.8.3/resources/resources/3d/engine/editor/assets/tools/debug-view-runtime-control.ts as cce:/internal/x/cc.
15:06:14 debug: Resolve cc from file:///D:/code_software/cocoscreator/editors/Creator/3.8.3/resources/resources/3d/engine/editor/assets/tools/debug-view-runtime-control.ts as cce:/internal/x/cc.
15:06:14 debug: Resolve cc from file:///D:/code_software/cocoscreator/editors/Creator/3.8.3/resources/resources/3d/engine/editor/assets/tools/debug-view-runtime-control.ts as cce:/internal/x/cc.
15:06:14 debug: Target(preview) ends with cost 352.44990000128746ms.
15:06:17 debug: Pulling asset-db.
15:06:18 debug: Fetch asset-db cost: 964.5ms.
15:06:18 debug: Build iteration starts.
Number of accumulated asset changes: 1
Feature changed: false
15:06:18 debug: Target(editor) build started.
15:06:18 debug: Detected change: cce:/internal/x/prerequisite-imports. Last mtime: Thu Jan 01 1970 08:00:27 GMT+0800 (中国标准时间), Current mtime: Thu Jan 01 1970 08:00:31 GMT+0800 (中国标准时间)
15:06:18 debug: Inspect cce:/internal/x/prerequisite-imports
15:06:18 debug: Resolve file:///D:/code_software/cocoscreator/editors/Creator/3.8.3/resources/resources/3d/engine/editor/assets/tools/debug-view-runtime-control.ts from cce:/internal/x/prerequisite-imports as file:///D:/code_software/cocoscreator/editors/Creator/3.8.3/resources/resources/3d/engine/editor/assets/tools/debug-view-runtime-control.ts.
15:06:18 debug: Target(editor) ends with cost 52.08210000395775ms.
15:06:18 debug: Target(preview) build started.
15:06:18 debug: Detected change: cce:/internal/x/prerequisite-imports. Last mtime: Thu Jan 01 1970 08:00:27 GMT+0800 (中国标准时间), Current mtime: Thu Jan 01 1970 08:00:32 GMT+0800 (中国标准时间)
15:06:18 debug: Inspect cce:/internal/x/prerequisite-imports
15:06:18 debug: Resolve file:///D:/code_software/cocoscreator/editors/Creator/3.8.3/resources/resources/3d/engine/editor/assets/tools/debug-view-runtime-control.ts from cce:/internal/x/prerequisite-imports as file:///D:/code_software/cocoscreator/editors/Creator/3.8.3/resources/resources/3d/engine/editor/assets/tools/debug-view-runtime-control.ts.
15:06:18 debug: Target(preview) ends with cost 60.89129999279976ms.
18:24:41 debug: Dispatch build request for time accumulated 1 asset changes.
18:24:41 debug: Build iteration starts.
Number of accumulated asset changes: 1
Feature changed: false
18:24:41 debug: Target(editor) build started.
18:24:41 debug: Detected change: cce:/internal/x/prerequisite-imports. Last mtime: Thu Jan 01 1970 08:00:31 GMT+0800 (中国标准时间), Current mtime: Thu Jan 01 1970 11:18:55 GMT+0800 (中国标准时间)
18:24:41 debug: Inspect cce:/internal/x/prerequisite-imports
18:24:41 debug: Resolve file:///D:/code_software/cocoscreator/editors/Creator/3.8.3/resources/resources/3d/engine/editor/assets/tools/debug-view-runtime-control.ts from cce:/internal/x/prerequisite-imports as file:///D:/code_software/cocoscreator/editors/Creator/3.8.3/resources/resources/3d/engine/editor/assets/tools/debug-view-runtime-control.ts.
18:24:41 debug: Resolve file:///E:/cary/git/cocos-creator/3d/shader-lab-3-8-3/assets/scripts/chip/Chip.ts from cce:/internal/x/prerequisite-imports as file:///E:/cary/git/cocos-creator/3d/shader-lab-3-8-3/assets/scripts/chip/Chip.ts.
18:24:41 debug: Inspect file:///E:/cary/git/cocos-creator/3d/shader-lab-3-8-3/assets/scripts/chip/Chip.ts
18:24:41 debug: Resolve cc from file:///E:/cary/git/cocos-creator/3d/shader-lab-3-8-3/assets/scripts/chip/Chip.ts as cce:/internal/x/cc.
18:24:41 debug: Resolve cc from file:///E:/cary/git/cocos-creator/3d/shader-lab-3-8-3/assets/scripts/chip/Chip.ts as cce:/internal/x/cc.
18:24:41 debug: Resolve cc from file:///E:/cary/git/cocos-creator/3d/shader-lab-3-8-3/assets/scripts/chip/Chip.ts as cce:/internal/x/cc.
18:24:41 debug: Target(editor) ends with cost 115.37029999494553ms.
18:24:41 debug: Target(preview) build started.
18:24:41 debug: Detected change: cce:/internal/x/prerequisite-imports. Last mtime: Thu Jan 01 1970 08:00:32 GMT+0800 (中国标准时间), Current mtime: Thu Jan 01 1970 11:18:55 GMT+0800 (中国标准时间)
18:24:41 debug: Inspect cce:/internal/x/prerequisite-imports
18:24:41 debug: Resolve file:///D:/code_software/cocoscreator/editors/Creator/3.8.3/resources/resources/3d/engine/editor/assets/tools/debug-view-runtime-control.ts from cce:/internal/x/prerequisite-imports as file:///D:/code_software/cocoscreator/editors/Creator/3.8.3/resources/resources/3d/engine/editor/assets/tools/debug-view-runtime-control.ts.
18:24:41 debug: Resolve file:///E:/cary/git/cocos-creator/3d/shader-lab-3-8-3/assets/scripts/chip/Chip.ts from cce:/internal/x/prerequisite-imports as file:///E:/cary/git/cocos-creator/3d/shader-lab-3-8-3/assets/scripts/chip/Chip.ts.
18:24:41 debug: Inspect file:///E:/cary/git/cocos-creator/3d/shader-lab-3-8-3/assets/scripts/chip/Chip.ts
18:24:41 debug: Resolve cc from file:///E:/cary/git/cocos-creator/3d/shader-lab-3-8-3/assets/scripts/chip/Chip.ts as cce:/internal/x/cc.
18:24:41 debug: Resolve cc from file:///E:/cary/git/cocos-creator/3d/shader-lab-3-8-3/assets/scripts/chip/Chip.ts as cce:/internal/x/cc.
18:24:41 debug: Resolve cc from file:///E:/cary/git/cocos-creator/3d/shader-lab-3-8-3/assets/scripts/chip/Chip.ts as cce:/internal/x/cc.
18:24:41 debug: Target(preview) ends with cost 100.75349999964237ms.
18:27:57 debug: Dispatch build request for time accumulated 1 asset changes.
18:27:57 debug: Build iteration starts.
Number of accumulated asset changes: 1
Feature changed: false
18:27:57 debug: Target(editor) build started.
18:27:57 debug: Detected change: cce:/internal/x/prerequisite-imports. Last mtime: Thu Jan 01 1970 11:18:55 GMT+0800 (中国标准时间), Current mtime: Thu Jan 01 1970 11:22:10 GMT+0800 (中国标准时间)
18:27:57 debug: Inspect cce:/internal/x/prerequisite-imports
18:27:57 debug: Resolve file:///D:/code_software/cocoscreator/editors/Creator/3.8.3/resources/resources/3d/engine/editor/assets/tools/debug-view-runtime-control.ts from cce:/internal/x/prerequisite-imports as file:///D:/code_software/cocoscreator/editors/Creator/3.8.3/resources/resources/3d/engine/editor/assets/tools/debug-view-runtime-control.ts.
18:27:57 debug: Resolve file:///E:/cary/git/cocos-creator/3d/shader-lab-3-8-3/assets/scripts/chip/Chip.ts from cce:/internal/x/prerequisite-imports as file:///E:/cary/git/cocos-creator/3d/shader-lab-3-8-3/assets/scripts/chip/Chip.ts.
18:27:57 debug: Detected change: file:///E:/cary/git/cocos-creator/3d/shader-lab-3-8-3/assets/scripts/chip/Chip.ts. Last mtime: Wed Jan 08 2025 18:24:41 GMT+0800 (中国标准时间)@a4471b62-2c8e-4fe0-b5ec-d1a48ad399f9, Current mtime: Wed Jan 08 2025 18:27:54 GMT+0800 (中国标准时间)@a4471b62-2c8e-4fe0-b5ec-d1a48ad399f9
18:27:57 debug: Inspect file:///E:/cary/git/cocos-creator/3d/shader-lab-3-8-3/assets/scripts/chip/Chip.ts
18:27:57 debug: Resolve cc from file:///E:/cary/git/cocos-creator/3d/shader-lab-3-8-3/assets/scripts/chip/Chip.ts as cce:/internal/x/cc.
18:27:57 debug: Resolve cc from file:///E:/cary/git/cocos-creator/3d/shader-lab-3-8-3/assets/scripts/chip/Chip.ts as cce:/internal/x/cc.
18:27:57 debug: Resolve cc from file:///E:/cary/git/cocos-creator/3d/shader-lab-3-8-3/assets/scripts/chip/Chip.ts as cce:/internal/x/cc.
18:27:57 debug: Target(editor) ends with cost 84.54009999334812ms.
18:27:57 debug: Target(preview) build started.
18:27:57 debug: Detected change: cce:/internal/x/prerequisite-imports. Last mtime: Thu Jan 01 1970 11:18:55 GMT+0800 (中国标准时间), Current mtime: Thu Jan 01 1970 11:22:11 GMT+0800 (中国标准时间)
18:27:57 debug: Inspect cce:/internal/x/prerequisite-imports
18:27:57 debug: Resolve file:///D:/code_software/cocoscreator/editors/Creator/3.8.3/resources/resources/3d/engine/editor/assets/tools/debug-view-runtime-control.ts from cce:/internal/x/prerequisite-imports as file:///D:/code_software/cocoscreator/editors/Creator/3.8.3/resources/resources/3d/engine/editor/assets/tools/debug-view-runtime-control.ts.
18:27:57 debug: Resolve file:///E:/cary/git/cocos-creator/3d/shader-lab-3-8-3/assets/scripts/chip/Chip.ts from cce:/internal/x/prerequisite-imports as file:///E:/cary/git/cocos-creator/3d/shader-lab-3-8-3/assets/scripts/chip/Chip.ts.
18:27:57 debug: Detected change: file:///E:/cary/git/cocos-creator/3d/shader-lab-3-8-3/assets/scripts/chip/Chip.ts. Last mtime: Wed Jan 08 2025 18:24:41 GMT+0800 (中国标准时间)@a4471b62-2c8e-4fe0-b5ec-d1a48ad399f9, Current mtime: Wed Jan 08 2025 18:27:54 GMT+0800 (中国标准时间)@a4471b62-2c8e-4fe0-b5ec-d1a48ad399f9
18:27:57 debug: Inspect file:///E:/cary/git/cocos-creator/3d/shader-lab-3-8-3/assets/scripts/chip/Chip.ts
18:27:57 debug: Resolve cc from file:///E:/cary/git/cocos-creator/3d/shader-lab-3-8-3/assets/scripts/chip/Chip.ts as cce:/internal/x/cc.
18:27:57 debug: Resolve cc from file:///E:/cary/git/cocos-creator/3d/shader-lab-3-8-3/assets/scripts/chip/Chip.ts as cce:/internal/x/cc.
18:27:57 debug: Resolve cc from file:///E:/cary/git/cocos-creator/3d/shader-lab-3-8-3/assets/scripts/chip/Chip.ts as cce:/internal/x/cc.
18:27:57 debug: Target(preview) ends with cost 95.00609999895096ms.
18:30:47 debug: Dispatch build request for time accumulated 1 asset changes.
18:30:47 debug: Build iteration starts.
Number of accumulated asset changes: 1
Feature changed: false
18:30:47 debug: Target(editor) build started.
18:30:47 debug: Detected change: cce:/internal/x/prerequisite-imports. Last mtime: Thu Jan 01 1970 11:22:10 GMT+0800 (中国标准时间), Current mtime: Thu Jan 01 1970 11:25:01 GMT+0800 (中国标准时间)
18:30:47 debug: Inspect cce:/internal/x/prerequisite-imports
18:30:47 debug: Resolve file:///D:/code_software/cocoscreator/editors/Creator/3.8.3/resources/resources/3d/engine/editor/assets/tools/debug-view-runtime-control.ts from cce:/internal/x/prerequisite-imports as file:///D:/code_software/cocoscreator/editors/Creator/3.8.3/resources/resources/3d/engine/editor/assets/tools/debug-view-runtime-control.ts.
18:30:47 debug: Resolve file:///E:/cary/git/cocos-creator/3d/shader-lab-3-8-3/assets/scripts/chip/Chip.ts from cce:/internal/x/prerequisite-imports as file:///E:/cary/git/cocos-creator/3d/shader-lab-3-8-3/assets/scripts/chip/Chip.ts.
18:30:47 debug: Detected change: file:///E:/cary/git/cocos-creator/3d/shader-lab-3-8-3/assets/scripts/chip/Chip.ts. Last mtime: Wed Jan 08 2025 18:27:54 GMT+0800 (中国标准时间)@a4471b62-2c8e-4fe0-b5ec-d1a48ad399f9, Current mtime: Wed Jan 08 2025 18:30:37 GMT+0800 (中国标准时间)@a4471b62-2c8e-4fe0-b5ec-d1a48ad399f9
18:30:47 debug: Inspect file:///E:/cary/git/cocos-creator/3d/shader-lab-3-8-3/assets/scripts/chip/Chip.ts
18:30:47 debug: Resolve cc from file:///E:/cary/git/cocos-creator/3d/shader-lab-3-8-3/assets/scripts/chip/Chip.ts as cce:/internal/x/cc.
18:30:47 debug: Resolve cc from file:///E:/cary/git/cocos-creator/3d/shader-lab-3-8-3/assets/scripts/chip/Chip.ts as cce:/internal/x/cc.
18:30:47 debug: Resolve cc from file:///E:/cary/git/cocos-creator/3d/shader-lab-3-8-3/assets/scripts/chip/Chip.ts as cce:/internal/x/cc.
18:30:47 debug: Target(editor) ends with cost 128.583599999547ms.
18:30:47 debug: Target(preview) build started.
18:30:47 debug: Detected change: cce:/internal/x/prerequisite-imports. Last mtime: Thu Jan 01 1970 11:22:11 GMT+0800 (中国标准时间), Current mtime: Thu Jan 01 1970 11:25:01 GMT+0800 (中国标准时间)
18:30:47 debug: Inspect cce:/internal/x/prerequisite-imports
18:30:47 debug: Resolve file:///D:/code_software/cocoscreator/editors/Creator/3.8.3/resources/resources/3d/engine/editor/assets/tools/debug-view-runtime-control.ts from cce:/internal/x/prerequisite-imports as file:///D:/code_software/cocoscreator/editors/Creator/3.8.3/resources/resources/3d/engine/editor/assets/tools/debug-view-runtime-control.ts.
18:30:47 debug: Resolve file:///E:/cary/git/cocos-creator/3d/shader-lab-3-8-3/assets/scripts/chip/Chip.ts from cce:/internal/x/prerequisite-imports as file:///E:/cary/git/cocos-creator/3d/shader-lab-3-8-3/assets/scripts/chip/Chip.ts.
18:30:47 debug: Detected change: file:///E:/cary/git/cocos-creator/3d/shader-lab-3-8-3/assets/scripts/chip/Chip.ts. Last mtime: Wed Jan 08 2025 18:27:54 GMT+0800 (中国标准时间)@a4471b62-2c8e-4fe0-b5ec-d1a48ad399f9, Current mtime: Wed Jan 08 2025 18:30:37 GMT+0800 (中国标准时间)@a4471b62-2c8e-4fe0-b5ec-d1a48ad399f9
18:30:47 debug: Inspect file:///E:/cary/git/cocos-creator/3d/shader-lab-3-8-3/assets/scripts/chip/Chip.ts
18:30:47 debug: Resolve cc from file:///E:/cary/git/cocos-creator/3d/shader-lab-3-8-3/assets/scripts/chip/Chip.ts as cce:/internal/x/cc.
18:30:47 debug: Resolve cc from file:///E:/cary/git/cocos-creator/3d/shader-lab-3-8-3/assets/scripts/chip/Chip.ts as cce:/internal/x/cc.
18:30:47 debug: Resolve cc from file:///E:/cary/git/cocos-creator/3d/shader-lab-3-8-3/assets/scripts/chip/Chip.ts as cce:/internal/x/cc.
18:30:47 debug: Target(preview) ends with cost 76.21679998934269ms.
